// Jest Snapshot v1, https://goo.gl/fbAQLP

exports[`should render a styled button 1`] = `"<button type=\\"button\\" class=\\"ant-btn ant-btn-default\\"></button>"`;
